Starting project at C:\Users\fefer\Downloads\PokeCollection_React-main\PokeCollection_React-main\PokeCollection
Using src/app as the root directory for Expo Router.
Starting Metro Bundler
warning: Bundler cache is empty, rebuilding (this may take a minute)
Waiting on http://localhost:8082
Logs for your project will appear below.
Web node_modules\expo-router\entry.js ░░░░░░░░░░░░░░░░  0.0% (0/1)
λ node_modules\expo-router\node\render.js ░░░░░░░░░░░░░░░░  0.0% (0/1)
Web node_modules\expo-router\entry.js ░░░░░░░░░░░░░░░░  0.0% (0/1)
λ node_modules\expo-router\node\render.js ░░░░░░░░░░░░░░░░  1.0% (1/1)
Web node_modules\expo-router\entry.js ▓▓▓░░░░░░░░░░░░░ 21.3% ( 6/13)
λ node_modules\expo-router\node\render.js ▓▓▓▓░░░░░░░░░░░░ 27.9% (148/280)
Web node_modules\expo-router\entry.js ▓▓▓░░░░░░░░░░░░░ 23.9% (147/307)
λ node_modules\expo-router\node\render.js ▓▓▓▓▓▓▓▓░░░░░░░░ 54.0% (371/505)
Web node_modules\expo-router\entry.js ▓▓▓▓▓▓▓▓▓░░░░░░░ 60.8% (365/468)
λ node_modules\expo-router\node\render.js ▓▓▓▓▓▓▓▓▓▓▓▓▓░░░ 82.0% (577/637)
Web node_modules\expo-router\entry.js ▓▓▓▓▓▓▓▓▓▓░░░░░░ 66.0% (415/511)
λ node_modules\expo-router\node\render.js ▓▓▓▓▓▓▓▓▓▓▓▓▓░░░ 86.2% ( 634/2415)
Web node_modules\expo-router\entry.js ▓▓▓▓▓▓▓▓▓▓░░░░░░ 66.6% ( 503/2323)
λ node_modules\expo-router\node\render.js ▓▓▓▓▓▓▓▓▓▓▓▓▓░░░ 86.2% ( 689/2454)
Web node_modules\expo-router\entry.js ▓▓▓▓▓▓▓▓▓▓░░░░░░ 66.6% ( 510/2328)
λ node_modules\expo-router\node\render.js ▓▓▓▓▓▓▓▓▓▓▓▓▓░░░ 86.2% (1215/2461)
Web node_modules\expo-router\entry.js ▓▓▓▓▓▓▓▓▓▓░░░░░░ 66.6% (1327/2334)
λ node_modules\expo-router\node\render.js ▓▓▓▓▓▓▓▓▓▓▓▓▓▓▓░ 96.2% (2414/2461)
Web node_modules\expo-router\entry.js ▓▓▓▓▓▓▓▓▓▓▓▓▓▓░░ 91.7% (2336/2460)
λ node_modules\expo-router\node\render.js ▓▓▓▓▓▓▓▓▓▓▓▓▓▓▓░ 97.0% (2461/2535)
Web node_modules\expo-router\entry.js ▓▓▓▓▓▓▓▓▓▓▓▓▓▓▓░ 98.3% (2539/2561)
λ node_modules\expo-router\node\render.js ▓▓▓▓▓▓▓▓▓▓▓▓▓▓▓░ 97.6% (2588/2620)
λ Bundled 44314ms node_modules\expo-router\node\render.js (2683 modules)
Web Bundled 45070ms node_modules\expo-router\entry.js (2578 modules)
Web node_modules\expo-router\entry.js ░░░░░░░░░░░░░░░░  0.0% (0/1)
Web node_modules\expo-router\entry.js ▓▓▓▓▓▓▓▓▓▓▓▓▓▓░░ 88.1% ( 922/2528)
Web node_modules\expo-router\entry.js ▓▓▓▓▓▓▓▓▓▓▓▓▓▓░░ 88.1% (2343/2573)
Web Bundled 8127ms node_modules\expo-router\entry.js (2578 modules)
 LOG  [web] Logs will appear in the browser console
Web node_modules\expo-router\entry.js ░░░░░░░░░░░░░░░░  0.0% (0/1)
λ Bundled 226ms node_modules\expo-router\node\render.js (1 module)
Web Bundled 1002ms node_modules\expo-router\entry.js (1 module)
Web node_modules\expo-router\entry.js ░░░░░░░░░░░░░░░░  0.0% (0/1)
λ Bundled 90ms node_modules\expo-router\node\render.js (1 module)
Web Bundled 569ms node_modules\expo-router\entry.js (1 module)
Web Bundled 54ms node_modules\expo-router\entry.js (1 module)
 LOG  [web] Logs will appear in the browser console
Web node_modules\expo-router\entry.js ░░░░░░░░░░░░░░░░  0.0% (0/1)
λ Bundled 89ms node_modules\expo-router\node\render.js (1 module)
λ Bundled 50ms node_modules\expo-router\node\render.js (1 module)
Web Bundled 988ms node_modules\expo-router\entry.js (1 module)
Web Bundled 690ms node_modules\expo-router\entry.js (1 module)
Web Bundled 46ms node_modules\expo-router\entry.js (1 module)
 LOG  [web] Logs will appear in the browser console
Web node_modules\expo-router\entry.js ░░░░░░░░░░░░░░░░  0.0% (0/1)
λ Bundled 158ms node_modules\expo-router\node\render.js (1 module)
Web Bundled 926ms node_modules\expo-router\entry.js (1 module)
Web Bundled 95ms node_modules\expo-router\entry.js (1 module)
 LOG  [web] Logs will appear in the browser console
Web node_modules\expo-router\entry.js ░░░░░░░░░░░░░░░░  0.0% (0/1)
λ Bundled 59ms node_modules\expo-router\node\render.js (1 module)
Web Bundled 582ms node_modules\expo-router\entry.js (1 module)
Web Bundled 50ms node_modules\expo-router\entry.js (1 module)
 LOG  [web] Logs will appear in the browser console
Web node_modules\expo-router\entry.js ░░░░░░░░░░░░░░░░  0.0% (0/1)
λ Bundled 156ms node_modules\expo-router\node\render.js (1 module)
Web Bundled 957ms node_modules\expo-router\entry.js (1 module)
Web node_modules\expo-router\entry.js ░░░░░░░░░░░░░░░░  0.0% (0/1)
λ Bundled 287ms node_modules\expo-router\node\render.js (1 module)
Web Bundled 973ms node_modules\expo-router\entry.js (1 module)
Web Bundled 126ms node_modules\expo-router\entry.js (1 module)
 LOG  [web] Logs will appear in the browser console
Web node_modules\expo-router\entry.js ░░░░░░░░░░░░░░░░  0.0% (0/1)
λ Bundled 1238ms node_modules\expo-router\node\render.js (1 module)
Web Bundled 1946ms node_modules\expo-router\entry.js (1 module)
Web Bundled 150ms node_modules\expo-router\entry.js (1 module)
 LOG  [web] Logs will appear in the browser console
Web node_modules\expo-router\entry.js ░░░░░░░░░░░░░░░░  0.0% (0/1)
λ Bundled 642ms node_modules\expo-router\node\render.js (1 module)
Web Bundled 2250ms node_modules\expo-router\entry.js (1 module)
Web node_modules\expo-router\entry.js ░░░░░░░░░░░░░░░░  0.0% (0/1)
λ Bundled 217ms node_modules\expo-router\node\render.js (1 module)
Web Bundled 997ms node_modules\expo-router\entry.js (1 module)
Web Bundled 1068ms node_modules\expo-router\entry.js (1 module)
 LOG  [web] Logs will appear in the browser console
Web node_modules\expo-router\entry.js ░░░░░░░░░░░░░░░░  0.0% (0/1)
λ Bundled 181ms node_modules\expo-router\node\render.js (1 module)
Web Bundled 975ms node_modules\expo-router\entry.js (1 module)
Web Bundled 196ms node_modules\expo-router\entry.js (1 module)
 LOG  [web] Logs will appear in the browser console
Web node_modules\expo-router\entry.js ░░░░░░░░░░░░░░░░  0.0% (0/1)
λ Bundled 144ms node_modules\expo-router\node\render.js (1 module)
Web Bundled 1310ms node_modules\expo-router\entry.js (1 module)
Web Bundled 132ms node_modules\expo-router\entry.js (1 module)
 LOG  [web] Logs will appear in the browser console
Web node_modules\expo-router\entry.js ░░░░░░░░░░░░░░░░  0.0% (0/1)
λ Bundled 198ms node_modules\expo-router\node\render.js (1 module)
Web Bundled 996ms node_modules\expo-router\entry.js (1 module)
Web Bundled 104ms node_modules\expo-router\entry.js (1 module)
 LOG  [web] Logs will appear in the browser console
Web node_modules\expo-router\entry.js ░░░░░░░░░░░░░░░░  0.0% (0/1)
λ Bundled 133ms node_modules\expo-router\node\render.js (1 module)
Web Bundled 841ms node_modules\expo-router\entry.js (1 module)
Web node_modules\expo-router\entry.js ░░░░░░░░░░░░░░░░  0.0% (0/1)
λ Bundled 75ms node_modules\expo-router\node\render.js (1 module)
Web Bundled 929ms node_modules\expo-router\entry.js (1 module)
Web Bundled 53ms node_modules\expo-router\entry.js (1 module)
 LOG  [web] Logs will appear in the browser console
 ERROR  SyntaxError: C:\Users\fefer\Downloads\PokeCollection_React-main\PokeCollection_React-main\PokeCollection\src\app\(app)\pokedex.tsx: Expected corresponding JSX closing tag for <Text>. (413:8)

  411 |               : 'Capturar'}
  412 |           </Text>
> 413 |         </Pressable>
      |         ^
  414 |       );
  415 |
  416 |       if (Platform.OS === 'web') {
    at constructor (C:\Users\fefer\Downloads\PokeCollection_React-main\PokeCollection_React-main\PokeCollection\node_modules\@babel\parser\lib\index.js:365:19)
    at TypeScriptParserMixin.raise (C:\Users\fefer\Downloads\PokeCollection_React-main\PokeCollection_React-main\PokeCollection\node_modules\@babel\parser\lib\index.js:6599:19)
    at TypeScriptParserMixin.jsxParseElementAt (C:\Users\fefer\Downloads\PokeCollection_React-main\PokeCollection_React-main\PokeCollection\node_modules\@babel\parser\lib\index.js:4727:16)
    at TypeScriptParserMixin.jsxParseElementAt (C:\Users\fefer\Downloads\PokeCollection_React-main\PokeCollection_React-main\PokeCollection\node_modules\@babel\parser\lib\index.js:4698:32)
    at TypeScriptParserMixin.jsxParseElement (C:\Users\fefer\Downloads\PokeCollection_React-main\PokeCollection_React-main\PokeCollection\node_modules\@babel\parser\lib\index.js:4749:17)
    at TypeScriptParserMixin.parseExprAtom (C:\Users\fefer\Downloads\PokeCollection_React-main\PokeCollection_React-main\PokeCollection\node_modules\@babel\parser\lib\index.js:4759:19)
    at TypeScriptParserMixin.parseExprSubscripts (C:\Users\fefer\Downloads\PokeCollection_React-main\PokeCollection_React-main\PokeCollection\node_modules\@babel\parser\lib\index.js:11081:23)
    at TypeScriptParserMixin.parseUpdate (C:\Users\fefer\Downloads\PokeCollection_React-main\PokeCollection_React-main\PokeCollection\node_modules\@babel\parser\lib\index.js:11066:21)
    at TypeScriptParserMixin.parseMaybeUnary (C:\Users\fefer\Downloads\PokeCollection_React-main\PokeCollection_React-main\PokeCollection\node_modules\@babel\parser\lib\index.js:11046:23)
    at TypeScriptParserMixin.parseMaybeUnary (C:\Users\fefer\Downloads\PokeCollection_React-main\PokeCollection_React-main\PokeCollection\node_modules\@babel\parser\lib\index.js:9837:18)
    at TypeScriptParserMixin.parseMaybeUnaryOrPrivate (C:\Users\fefer\Downloads\PokeCollection_React-main\PokeCollection_React-main\PokeCollection\node_modules\@babel\parser\lib\index.js:10899:61)
    at TypeScriptParserMixin.parseExprOps (C:\Users\fefer\Downloads\PokeCollection_React-main\PokeCollection_React-main\PokeCollection\node_modules\@babel\parser\lib\index.js:10904:23)
    at TypeScriptParserMixin.parseMaybeConditional (C:\Users\fefer\Downloads\PokeCollection_React-main\PokeCollection_React-main\PokeCollection\node_modules\@babel\parser\lib\index.js:10881:23)
    at TypeScriptParserMixin.parseMaybeAssign (C:\Users\fefer\Downloads\PokeCollection_React-main\PokeCollection_React-main\PokeCollection\node_modules\@babel\parser\lib\index.js:10831:21)
    at C:\Users\fefer\Downloads\PokeCollection_React-main\PokeCollection_React-main\PokeCollection\node_modules\@babel\parser\lib\index.js:9775:39
    at TypeScriptParserMixin.tryParse (C:\Users\fefer\Downloads\PokeCollection_React-main\PokeCollection_React-main\PokeCollection\node_modules\@babel\parser\lib\index.js:6907:20)
    at TypeScriptParserMixin.parseMaybeAssign (C:\Users\fefer\Downloads\PokeCollection_React-main\PokeCollection_React-main\PokeCollection\node_modules\@babel\parser\lib\index.js:9775:18)
    at C:\Users\fefer\Downloads\PokeCollection_React-main\PokeCollection_React-main\PokeCollection\node_modules\@babel\parser\lib\index.js:10800:39
    at TypeScriptParserMixin.allowInAnd (C:\Users\fefer\Downloads\PokeCollection_React-main\PokeCollection_React-main\PokeCollection\node_modules\@babel\parser\lib\index.js:12426:12)
    at TypeScriptParserMixin.parseMaybeAssignAllowIn (C:\Users\fefer\Downloads\PokeCollection_React-main\PokeCollection_React-main\PokeCollection\node_modules\@babel\parser\lib\index.js:10800:17)
    at TypeScriptParserMixin.parseMaybeAssignAllowInOrVoidPattern (C:\Users\fefer\Downloads\PokeCollection_React-main\PokeCollection_React-main\PokeCollection\node_modules\@babel\parser\lib\index.js:12493:17)
    at TypeScriptParserMixin.parseParenAndDistinguishExpression (C:\Users\fefer\Downloads\PokeCollection_React-main\PokeCollection_React-main\PokeCollection\node_modules\@babel\parser\lib\index.js:11675:28)
    at TypeScriptParserMixin.parseExprAtom (C:\Users\fefer\Downloads\PokeCollection_React-main\PokeCollection_React-main\PokeCollection\node_modules\@babel\parser\lib\index.js:11331:23)
    at TypeScriptParserMixin.parseExprAtom (C:\Users\fefer\Downloads\PokeCollection_React-main\PokeCollection_React-main\PokeCollection\node_modules\@babel\parser\lib\index.js:4764:20)
    at TypeScriptParserMixin.parseExprSubscripts (C:\Users\fefer\Downloads\PokeCollection_React-main\PokeCollection_React-main\PokeCollection\node_modules\@babel\parser\lib\index.js:11081:23)
    at TypeScriptParserMixin.parseUpdate (C:\Users\fefer\Downloads\PokeCollection_React-main\PokeCollection_React-main\PokeCollection\node_modules\@babel\parser\lib\index.js:11066:21)
    at TypeScriptParserMixin.parseMaybeUnary (C:\Users\fefer\Downloads\PokeCollection_React-main\PokeCollection_React-main\PokeCollection\node_modules\@babel\parser\lib\index.js:11046:23)
    at TypeScriptParserMixin.parseMaybeUnary (C:\Users\fefer\Downloads\PokeCollection_React-main\PokeCollection_React-main\PokeCollection\node_modules\@babel\parser\lib\index.js:9837:18)
    at TypeScriptParserMixin.parseMaybeUnaryOrPrivate (C:\Users\fefer\Downloads\PokeCollection_React-main\PokeCollection_React-main\PokeCollection\node_modules\@babel\parser\lib\index.js:10899:61)
    at TypeScriptParserMixin.parseExprOps (C:\Users\fefer\Downloads\PokeCollection_React-main\PokeCollection_React-main\PokeCollection\node_modules\@babel\parser\lib\index.js:10904:23)
    at TypeScriptParserMixin.parseMaybeConditional (C:\Users\fefer\Downloads\PokeCollection_React-main\PokeCollection_React-main\PokeCollection\node_modules\@babel\parser\lib\index.js:10881:23)
    at TypeScriptParserMixin.parseMaybeAssign (C:\Users\fefer\Downloads\PokeCollection_React-main\PokeCollection_React-main\PokeCollection\node_modules\@babel\parser\lib\index.js:10831:21)
    at TypeScriptParserMixin.parseMaybeAssign (C:\Users\fefer\Downloads\PokeCollection_React-main\PokeCollection_React-main\PokeCollection\node_modules\@babel\parser\lib\index.js:9786:20)
    at C:\Users\fefer\Downloads\PokeCollection_React-main\PokeCollection_React-main\PokeCollection\node_modules\@babel\parser\lib\index.js:10800:39
    at TypeScriptParserMixin.allowInAnd (C:\Users\fefer\Downloads\PokeCollection_React-main\PokeCollection_React-main\PokeCollection\node_modules\@babel\parser\lib\index.js:12421:16)
    at TypeScriptParserMixin.parseMaybeAssignAllowIn (C:\Users\fefer\Downloads\PokeCollection_React-main\PokeCollection_React-main\PokeCollection\node_modules\@babel\parser\lib\index.js:10800:17)
    at TypeScriptParserMixin.parseVar (C:\Users\fefer\Downloads\PokeCollection_React-main\PokeCollection_React-main\PokeCollection\node_modules\@babel\parser\lib\index.js:13384:91)
    at TypeScriptParserMixin.parseVarStatement (C:\Users\fefer\Downloads\PokeCollection_React-main\PokeCollection_React-main\PokeCollection\node_modules\@babel\parser\lib\index.js:13230:10)
    at TypeScriptParserMixin.parseVarStatement (C:\Users\fefer\Downloads\PokeCollection_React-main\PokeCollection_React-main\PokeCollection\node_modules\@babel\parser\lib\index.js:9408:31)
    at TypeScriptParserMixin.parseStatementContent (C:\Users\fefer\Downloads\PokeCollection_React-main\PokeCollection_React-main\PokeCollection\node_modules\@babel\parser\lib\index.js:12851:23)
    at TypeScriptParserMixin.parseStatementContent (C:\Users\fefer\Downloads\PokeCollection_React-main\PokeCollection_React-main\PokeCollection\node_modules\@babel\parser\lib\index.js:9508:18)
    at TypeScriptParserMixin.parseStatementLike (C:\Users\fefer\Downloads\PokeCollection_React-main\PokeCollection_React-main\PokeCollection\node_modules\@babel\parser\lib\index.js:12767:17)
    at TypeScriptParserMixin.parseStatementListItem (C:\Users\fefer\Downloads\PokeCollection_React-main\PokeCollection_React-main\PokeCollection\node_modules\@babel\parser\lib\index.js:12747:17)
    at TypeScriptParserMixin.parseBlockOrModuleBlockBody (C:\Users\fefer\Downloads\PokeCollection_React-main\PokeCollection_React-main\PokeCollection\node_modules\@babel\parser\lib\index.js:13316:61)
    at TypeScriptParserMixin.parseBlockBody (C:\Users\fefer\Downloads\PokeCollection_React-main\PokeCollection_React-main\PokeCollection\node_modules\@babel\parser\lib\index.js:13309:10)
    at TypeScriptParserMixin.parseBlock (C:\Users\fefer\Downloads\PokeCollection_React-main\PokeCollection_React-main\PokeCollection\node_modules\@babel\parser\lib\index.js:13297:10)
    at TypeScriptParserMixin.parseFunctionBody (C:\Users\fefer\Downloads\PokeCollection_React-main\PokeCollection_React-main\PokeCollection\node_modules\@babel\parser\lib\index.js:12100:24)
    at TypeScriptParserMixin.parseArrowExpression (C:\Users\fefer\Downloads\PokeCollection_React-main\PokeCollection_React-main\PokeCollection\node_modules\@babel\parser\lib\index.js:12075:10)
    at TypeScriptParserMixin.parseParenAndDistinguishExpression (C:\Users\fefer\Downloads\PokeCollection_React-main\PokeCollection_React-main\PokeCollection\node_modules\@babel\parser\lib\index.js:11687:12)
    at TypeScriptParserMixin.parseExprAtom (C:\Users\fefer\Downloads\PokeCollection_React-main\PokeCollection_React-main\PokeCollection\node_modules\@babel\parser\lib\index.js:11331:23)
Web node_modules\expo-router\entry.js ░░░░░░░░░░░░░░░░  0.0% (0/1)
λ Bundled 115ms node_modules\expo-router\node\render.js (1 module)
Web Bundled 826ms node_modules\expo-router\entry.js (1 module)
Web Bundled 62ms node_modules\expo-router\entry.js (1 module)
 LOG  [web] Logs will appear in the browser console
Web node_modules\expo-router\entry.js ░░░░░░░░░░░░░░░░  0.0% (0/1)
λ Bundled 916ms node_modules\expo-router\node\render.js (1 module)
Web Bundled 2369ms node_modules\expo-router\entry.js (1 module)
Web node_modules\expo-router\entry.js ░░░░░░░░░░░░░░░░  0.0% (0/1)
λ Bundled 561ms node_modules\expo-router\node\render.js (1 module)
Web Bundled 1436ms node_modules\expo-router\entry.js (1 module)
Web node_modules\expo-router\entry.js ░░░░░░░░░░░░░░░░  0.0% (0/1)
λ Bundled 95ms node_modules\expo-router\node\render.js (1 module)
Web Bundled 699ms node_modules\expo-router\entry.js (1 module)
Web Bundled 350ms node_modules\expo-router\entry.js (1 module)
 LOG  [web] Logs will appear in the browser console
Unable to resolve "./styles" from "src\components\list\index.tsx"
[0m [90m  7 |[39m } [36mfrom[39m [32m'react-native'[39m[33m;[39m
 [90m  8 |[39m
[31m[1m>[22m[39m[90m  9 |[39m [36mimport[39m { styles } [36mfrom[39m [32m'./styles'[39m[33m;[39m
 [90m    |[39m                         [31m[1m^[22m[39m
 [90m 10 |[39m
 [90m 11 |[39m type [33mListProps[39m [33m=[39m {
 [90m 12 |[39m   data[33m:[39m any[][33m;[39m[0m

Import stack:

 src\components\list\index.tsx
 | import "./styles"

 src\app\(app)\team.tsx
 | import "@/components/list"

 src\app (require.context)

Web node_modules\expo-router\entry.js ░░░░░░░░░░░░░░░░  0.0% (0/1)
λ Bundled 123ms node_modules\expo-router\node\render.js (1 module)
Web Bundled 1249ms node_modules\expo-router\entry.js (1 module)
Web node_modules\expo-router\entry.js ░░░░░░░░░░░░░░░░  0.0% (0/1)
λ Bundled 111ms node_modules\expo-router\node\render.js (1 module)
Web Bundled 1186ms node_modules\expo-router\entry.js (1 module)
Web Bundled 60ms node_modules\expo-router\entry.js (1 module)
 LOG  [web] Logs will appear in the browser console
λ Bundled 200ms node_modules\expo-router\node\render.js (1 module)
Web Bundled 987ms node_modules\expo-router\entry.js (1 module)
Web Bundled 218ms node_modules\expo-router\entry.js (1 module)
 LOG  [web] Logs will appear in the browser console
Web node_modules\expo-router\entry.js ░░░░░░░░░░░░░░░░  0.0% (0/1)
λ Bundled 151ms node_modules\expo-router\node\render.js (1 module)
Web Bundled 1072ms node_modules\expo-router\entry.js (1 module)
Web node_modules\expo-router\entry.js ░░░░░░░░░░░░░░░░  0.0% (0/1)
λ Bundled 218ms node_modules\expo-router\node\render.js (1 module)
Web Bundled 2573ms node_modules\expo-router\entry.js (1 module)
Web Bundled 149ms node_modules\expo-router\entry.js (1 module)
 LOG  [web] Logs will appear in the browser console
Web node_modules\expo-router\entry.js ░░░░░░░░░░░░░░░░  0.0% (0/1)
λ Bundled 122ms node_modules\expo-router\node\render.js (1 module)
Web Bundled 939ms node_modules\expo-router\entry.js (1 module)
Web node_modules\expo-router\entry.js ░░░░░░░░░░░░░░░░  0.0% (0/1)
λ Bundled 590ms node_modules\expo-router\node\render.js (1 module)
Web Bundled 1125ms node_modules\expo-router\entry.js (1 module)
Web Bundled 291ms node_modules\expo-router\entry.js (1 module)
λ Bundled 128ms node_modules\expo-router\node\render.js (1 module)
Web node_modules\expo-router\entry.js ░░░░░░░░░░░░░░░░  0.0% (0/1)
Web Bundled 940ms node_modules\expo-router\entry.js (1 module)
 LOG  [web] Logs will appear in the browser console
Web node_modules\expo-router\entry.js ░░░░░░░░░░░░░░░░  0.0% (0/1)
λ Bundled 132ms node_modules\expo-router\node\render.js (1 module)
Web Bundled 1028ms node_modules\expo-router\entry.js (1 module)
