Starting project at C:\Users\fefer\Downloads\PokeCollection_React-main\PokeCollection_React-main\PokeCollection
Using src/app as the root directory for Expo Router.
Starting Metro Bundler
Waiting on http://localhost:8083
Logs for your project will appear below.
Web node_modules\expo-router\entry.js ░░░░░░░░░░░░░░░░  0.0% (0/1)
Web node_modules\expo-router\entry.js ▓▓▓▓▓▓▓▓▓▓▓▓░░░░ 79.9% (614/687)
λ node_modules\expo-router\node\render.js ▓▓▓▓▓▓▓▓▓▓▓▓▓░░░ 82.7% (642/706)
Web node_modules\expo-router\entry.js ▓▓▓▓▓▓▓▓▓▓▓▓▓░░░ 86.9% (662/710)
λ node_modules\expo-router\node\render.js ▓▓▓▓▓▓▓▓▓▓▓▓▓▓░░ 87.6% (699/747)
Web node_modules\expo-router\entry.js ▓▓▓▓▓▓▓▓▓▓▓▓▓░░░ 86.9% (662/710)
λ node_modules\expo-router\node\render.js ▓▓▓▓▓▓▓▓▓▓▓▓▓▓░░ 87.6% ( 701/2460)
Web node_modules\expo-router\entry.js ▓▓▓▓▓▓▓▓▓▓▓▓▓▓░░ 88.8% (2373/2518)
λ node_modules\expo-router\node\render.js ▓▓▓▓▓▓▓▓▓▓▓▓▓▓▓░ 94.9% (2492/2558)
λ Bundled 14194ms node_modules\expo-router\node\render.js (2683 modules)
Web node_modules\expo-router\entry.js ▓▓▓▓▓▓▓▓▓▓▓▓▓▓▓░ 99.9% (2579/2579)
Web Bundled 16636ms node_modules\expo-router\entry.js (2579 modules)
Android node_modules\expo-router\entry.js ░░░░░░░░░░░░░░░░  0.0% (0/1)
Android node_modules\expo-router\entry.js ░░░░░░░░░░░░░░░░  1.0% (1/1)
Android node_modules\expo-router\entry.js ▓▓▓▓░░░░░░░░░░░░ 28.1% ( 59/202)
Android node_modules\expo-router\entry.js ▓▓▓▓░░░░░░░░░░░░ 28.1% (138/356)
Android node_modules\expo-router\entry.js ▓▓▓▓░░░░░░░░░░░░ 28.1% (218/441)
Android node_modules\expo-router\entry.js ▓▓▓▓░░░░░░░░░░░░ 28.1% (309/585)
Android node_modules\expo-router\entry.js ▓▓▓▓▓░░░░░░░░░░░ 32.8% (377/665)
Android node_modules\expo-router\entry.js ▓▓▓▓▓▓▓░░░░░░░░░ 47.6% (558/815)
Android node_modules\expo-router\entry.js ▓▓▓▓▓▓▓▓▓░░░░░░░ 59.7% (676/875)
Android node_modules\expo-router\entry.js ▓▓▓▓▓▓▓▓▓▓▓▓░░░░ 79.4% ( 883/2678)
Android node_modules\expo-router\entry.js ▓▓▓▓▓▓▓▓▓▓▓▓░░░░ 79.4% (1654/2697)
Android node_modules\expo-router\entry.js ▓▓▓▓▓▓▓▓▓▓▓▓░░░░ 79.4% (2351/2697)
Android node_modules\expo-router\entry.js ▓▓▓▓▓▓▓▓▓▓▓▓▓▓▓░ 97.0% (2698/2769)
Android node_modules\expo-router\entry.js ▓▓▓▓▓▓▓▓▓▓▓▓▓▓▓░ 97.0% (2818/2897)
Android Bundled 54547ms node_modules\expo-router\entry.js (2954 modules)
Android node_modules\expo-router\entry.js ░░░░░░░░░░░░░░░░  0.0% (0/1)
Android Bundled 210ms node_modules\expo-router\entry.js (1 module)
