The following packages should be updated for best compatibility with the installed expo version:
  expo@54.0.34 - expected version: ~54.0.35
  expo-font@14.0.11 - expected version: ~14.0.12
  expo-linking@8.0.11 - expected version: ~8.0.12
  expo-router@6.0.23 - expected version: ~6.0.24
  expo-web-browser@15.0.10 - expected version: ~15.0.11
Your project may not work correctly until you install the expected versions of the packages.
"shadow*" style props are deprecated. Use "boxShadow".
"shadow*" style props are deprecated. Use "boxShadow".
"shadow*" style props are deprecated. Use "boxShadow".
"shadow*" style props are deprecated. Use "boxShadow".
"shadow*" style props are deprecated. Use "boxShadow".
Error: Cannot pipe to a closed or destroyed stream
    at pipelineImpl (node:internal/streams/pipeline:264:15)
    at node:stream/promises:31:5
    at new Promise (<anonymous>)
    at pipeline (node:stream/promises:20:10)
    at respond (C:\Users\fefer\Downloads\PokeCollection_React-main\PokeCollection_React-main\PokeCollection\node_modules\expo-server\src\vendor\http.ts:138:19)
    at C:\Users\fefer\Downloads\PokeCollection_React-main\PokeCollection_React-main\PokeCollection\node_modules\expo-server\src\vendor\http.ts:68:13
    at processTicksAndRejections (node:internal/process/task_queues:104:5)
"shadow*" style props are deprecated. Use "boxShadow".
"shadow*" style props are deprecated. Use "boxShadow".
"shadow*" style props are deprecated. Use "boxShadow".
"shadow*" style props are deprecated. Use "boxShadow".
"shadow*" style props are deprecated. Use "boxShadow".
"textShadow*" style props are deprecated. Use "textShadow".
"shadow*" style props are deprecated. Use "boxShadow".
Error: Cannot pipe to a closed or destroyed stream
    at pipelineImpl (node:internal/streams/pipeline:264:15)
    at node:stream/promises:31:5
    at new Promise (<anonymous>)
    at pipeline (node:stream/promises:20:10)
    at respond (C:\Users\fefer\Downloads\PokeCollection_React-main\PokeCollection_React-main\PokeCollection\node_modules\expo-server\src\vendor\http.ts:138:19)
    at C:\Users\fefer\Downloads\PokeCollection_React-main\PokeCollection_React-main\PokeCollection\node_modules\expo-server\src\vendor\http.ts:68:13
"shadow*" style props are deprecated. Use "boxShadow".
"shadow*" style props are deprecated. Use "boxShadow".
"shadow*" style props are deprecated. Use "boxShadow".
"shadow*" style props are deprecated. Use "boxShadow".
"shadow*" style props are deprecated. Use "boxShadow".
"shadow*" style props are deprecated. Use "boxShadow".
"shadow*" style props are deprecated. Use "boxShadow".
"shadow*" style props are deprecated. Use "boxShadow".
Error: Cannot pipe to a closed or destroyed stream
    at pipelineImpl (node:internal/streams/pipeline:264:15)
    at node:stream/promises:31:5
    at new Promise (<anonymous>)
    at pipeline (node:stream/promises:20:10)
    at respond (C:\Users\fefer\Downloads\PokeCollection_React-main\PokeCollection_React-main\PokeCollection\node_modules\expo-server\src\vendor\http.ts:138:19)
    at C:\Users\fefer\Downloads\PokeCollection_React-main\PokeCollection_React-main\PokeCollection\node_modules\expo-server\src\vendor\http.ts:68:13
"shadow*" style props are deprecated. Use "boxShadow".
"shadow*" style props are deprecated. Use "boxShadow".
"shadow*" style props are deprecated. Use "boxShadow".
"shadow*" style props are deprecated. Use "boxShadow".
"shadow*" style props are deprecated. Use "boxShadow".
"shadow*" style props are deprecated. Use "boxShadow".
"shadow*" style props are deprecated. Use "boxShadow".
"shadow*" style props are deprecated. Use "boxShadow".
"shadow*" style props are deprecated. Use "boxShadow".
"shadow*" style props are deprecated. Use "boxShadow".
Error: Cannot pipe to a closed or destroyed stream
    at pipelineImpl (node:internal/streams/pipeline:264:15)
    at node:stream/promises:31:5
    at new Promise (<anonymous>)
    at pipeline (node:stream/promises:20:10)
    at respond (C:\Users\fefer\Downloads\PokeCollection_React-main\PokeCollection_React-main\PokeCollection\node_modules\expo-server\src\vendor\http.ts:138:19)
    at C:\Users\fefer\Downloads\PokeCollection_React-main\PokeCollection_React-main\PokeCollection\node_modules\expo-server\src\vendor\http.ts:68:13
"shadow*" style props are deprecated. Use "boxShadow".
